// Jest Snapshot v1, https://goo.gl/fbAQLP

exports[`Test Case For App should render button 1`] = `ShallowWrapper {}`;
